<!DOCTYPE html>
<html>

<head>
    <meta charset="utf-8">
    <script>
        Polymer({
            is: "chat-messages",
            properties: {
                user: {},
                friend: {
                    observer: "_friendChanged"
                }
            },
        });
    </script>
</head>

<body>
</body>

</html>